Microchip MPLAB XC8 Compiler V1.41 ()

Linker command line:

-W-3 --edf=C:\Program Files (x86)\Microchip\xc8\v1.41\dat\en_msgs.txt -cs \
  -h+dist/default/production\Ledcube.X.production.sym \
  --cmf=dist/default/production\Ledcube.X.production.cmf -z -Q16F690 \
  -oC:\Users\ITSERV~1\AppData\Local\Temp\s674.2 \
  -Mdist/default/production/Ledcube.X.production.map -E1 -ver=XC8 \
  -ASTACK=0A0h-0efh -pstack=STACK -ACODE=00h-07FFhx2 -ASTRCODE=00h-0FFFh \
  -ASTRING=00h-0FFhx16 -ACONST=00h-0FFhx16 -AENTRY=00h-0FFhx16 \
  -ACOMMON=070h-07Fh -ABANK0=020h-06Fh -ABANK1=0A0h-0EFh \
  -ABANK2=0120h-016Fh -ARAM=020h-06Fh,0A0h-0EFh,0120h-016Fh \
  -AABS1=020h-07Fh,0A0h-0EFh,0120h-016Fh -ASFR0=00h-01Fh -ASFR1=080h-09Fh \
  -ASFR2=0100h-011Fh -ASFR3=0180h-01EFh \
  -preset_vec=00h,intentry=04h,init,end_init -ppowerup=CODE -pcinit=CODE \
  -pfunctab=CODE -ACONFIG=02007h-02007h -pconfig=CONFIG -DCONFIG=2 \
  -AIDLOC=02000h-02003h -pidloc=IDLOC -DIDLOC=2 -AEEDATA=00h-0FFh/02100h \
  -peeprom_data=EEDATA -DEEDATA=2 -DCODE=2 -DSTRCODE=2 -DSTRING=2 -DCONST=2 \
  -DENTRY=2 -k C:\Users\ITSERV~1\AppData\Local\Temp\s674.obj \
  dist/default/production\Ledcube.X.production.obj 

Object code version is 3.11

Machine type is 16F690



                Name                               Link     Load   Length Selector   Space Scale
C:\Users\ITSERV~1\AppData\Local\Temp\s674.obj
                end_init                             11       11        2        8       0
                reset_vec                             0        0        2        0       0
                config                             2007     2007        1     400E       0
dist/default/production\Ledcube.X.production.obj
                cinit                                13       13       12        8       0
                intentry                              4        4        D        8       0
                text8                               146      146        D        8       0
                text7                                25       25       6F        8       0
                text6                                C6       C6       2F        8       0
                text5                                F5       F5       1B        8       0
                text4                               123      123       13        8       0
                text3                               136      136       10        8       0
                text2                                94       94       32        8       0
                text1                               153      153        C        8       0
                maintext                            110      110       13        8       0
                cstackBANK0                          2D       2D        8       20       1
                cstackCOMMON                         70       70        E       70       1
                bssBANK0                             20       20        D       20       1

TOTAL           Name                               Link     Load   Length     Space
        CLASS   STACK          

        CLASS   CODE           
                end_init                             11       11        2         0
                cinit                                13       13       12         0
                intentry                              4        4        D         0
                reset_vec                             0        0        2         0
                text8                               146      146        D         0
                text7                                25       25       6F         0
                text6                                C6       C6       2F         0
                text5                                F5       F5       1B         0
                text4                               123      123       13         0
                text3                               136      136       10         0
                text2                                94       94       32         0
                text1                               153      153        C         0
                maintext                            110      110       13         0

        CLASS   STRCODE        

        CLASS   STRING         

        CLASS   CONST          

        CLASS   ENTRY          

        CLASS   COMMON         
                cstackCOMMON                         70       70        E         1

        CLASS   BANK0          
                cstackBANK0                          2D       2D        8         1
                bssBANK0                             20       20        D         1

        CLASS   BANK1          

        CLASS   BANK2          

        CLASS   RAM            

        CLASS   ABS1           
                abs_s1                               7E       7E        2         1

        CLASS   SFR0           

        CLASS   SFR1           

        CLASS   SFR2           

        CLASS   SFR3           

        CLASS   CONFIG         
                config                             2007     2007        1         0

        CLASS   IDLOC          

        CLASS   EEDATA         

        CLASS   BANK3          



SEGMENTS        Name                           Load    Length   Top    Selector   Space  Class     Delta

                reset_vec                      000000  000002  000002         0       0  CODE        2
                intentry                       000004  00015B  00015F         8       0  CODE        2
                bssBANK0                       000020  000015  000035        20       1  BANK0       1
                cstackCOMMON                   000070  00000E  00007E        70       1  COMMON      1
                config                         002007  000001  002008      400E       0  CONFIG      2


UNUSED ADDRESS RANGES

        Name                Unused          Largest block    Delta
        BANK0            0035-006F             3B           1
        BANK1            00A0-00EF             50           1
        BANK2            0120-016F             50           1
        CODE             0002-0003              2           2
                         015F-0FFF            6A1
        CONST            0002-0003              2           2
                         015F-0FFF            100
        EEDATA           2100-21FF            100           2
        ENTRY            0002-0003              2           2
                         015F-0FFF            100
        IDLOC            2000-2003              4           2
        RAM              0035-006F             3B           1
                         00A0-00EF             50
                         0120-016F             50
        SFR0             0000-001F             20           1
        SFR1             0080-009F             20           1
        SFR2             0100-011F             20           1
        SFR3             0180-01EF             70           1
        STACK            00A0-00EF             50           1
        STRCODE          0002-0003              2           2
                         015F-0FFF            EA1
        STRING           0002-0003              2           2
                         015F-0FFF            100

                                  Symbol Table

?_leds_get_layer           cstackCOMMON 0070
_ANSEL                     (abs)        011E
_ANSELH                    (abs)        011F
_INTCONbits                (abs)        000B
_PIE1bits                  (abs)        008C
_PIR1bits                  (abs)        000C
_PORTBbits                 (abs)        0006
_PORTCbits                 (abs)        0007
_T1CON                     (abs)        0010
_T1CONbits                 (abs)        0010
_TMR1H                     (abs)        000F
_TMR1L                     (abs)        000E
_TRISBbits                 (abs)        0086
_TRISCbits                 (abs)        0087
__CFG_BOREN$ON             (abs)        0000
__CFG_CP$OFF               (abs)        0000
__CFG_CPD$OFF              (abs)        0000
__CFG_FCMEN$ON             (abs)        0000
__CFG_FOSC$INTRCIO         (abs)        0000
__CFG_IESO$ON              (abs)        0000
__CFG_MCLRE$OFF            (abs)        0000
__CFG_PWRTE$OFF            (abs)        0000
__CFG_WDTE$OFF             (abs)        0000
__Habs1                    abs1         0000
__Hbank0                   bank0        0000
__Hbank1                   bank1        0000
__Hbank2                   bank2        0000
__Hbank3                   bank3        0000
__HbssBANK0                bssBANK0     0000
__Hcinit                   cinit        0025
__Hclrtext                 clrtext      0000
__Hcode                    code         0000
__Hcommon                  common       0000
__Hconfig                  config       2008
__HcstackBANK0             cstackBANK0  0000
__HcstackCOMMON            cstackCOMMON 0000
__Heeprom_data             eeprom_data  0000
__Hend_init                end_init     0013
__Hfunctab                 functab      0000
__Hidloc                   idloc        0000
__Hinit                    init         0011
__Hintentry                intentry     0011
__Hmaintext                maintext     0000
__Hpowerup                 powerup      0000
__Hram                     ram          0000
__Hreset_vec               reset_vec    0002
__Hsfr0                    sfr0         0000
__Hsfr1                    sfr1         0000
__Hsfr2                    sfr2         0000
__Hsfr3                    sfr3         0000
__Hspace_0                 (abs)        2008
__Hspace_1                 (abs)        007E
__Hspace_2                 (abs)        0000
__Hspace_3                 (abs)        0000
__Hstack                   stack        0000
__Hstrings                 strings      0000
__Htext                    text         0000
__Labs1                    abs1         0000
__Lbank0                   bank0        0000
__Lbank1                   bank1        0000
__Lbank2                   bank2        0000
__Lbank3                   bank3        0000
__LbssBANK0                bssBANK0     0000
__Lcinit                   cinit        0013
__Lclrtext                 clrtext      0000
__Lcode                    code         0000
__Lcommon                  common       0000
__Lconfig                  config       2007
__LcstackBANK0             cstackBANK0  0000
__LcstackCOMMON            cstackCOMMON 0000
__Leeprom_data             eeprom_data  0000
__Lend_init                end_init     0011
__Lfunctab                 functab      0000
__Lidloc                   idloc        0000
__Linit                    init         0011
__Lintentry                intentry     0004
__Lmaintext                maintext     0000
__Lpowerup                 powerup      0000
__Lram                     ram          0000
__Lreset_vec               reset_vec    0000
__Lsfr0                    sfr0         0000
__Lsfr1                    sfr1         0000
__Lsfr2                    sfr2         0000
__Lsfr3                    sfr3         0000
__Lspace_0                 (abs)        0000
__Lspace_1                 (abs)        0000
__Lspace_2                 (abs)        0000
__Lspace_3                 (abs)        0000
__Lstack                   stack        0000
__Lstrings                 strings      0000
__Ltext                    text         0000
__S0                       (abs)        2008
__S1                       (abs)        007E
__S2                       (abs)        0000
__S3                       (abs)        0000
___int_sp                  stack        0000
___latbits                 (abs)        0001
___sp                      stack        0000
__end_of__initialization   cinit        0022
__end_of_animation_updown  text2        00C6
__end_of_gpio_init         text5        0110
__end_of_isr               text6        00F5
__end_of_leds_get_layer    text8        0153
__end_of_leds_init         text4        0136
__end_of_main              maintext     0123
__end_of_set_lights        text7        0094
__end_of_timer_init        text3        0146
__end_of_update_animation  text1        015F
__initialization           cinit        0013
__pbssBANK0                bssBANK0     0020
__pcstackBANK0             cstackBANK0  002D
__pcstackCOMMON            cstackCOMMON 0070
__pintentry                intentry     0004
__pmaintext                maintext     0110
__ptext1                   text1        0153
__ptext2                   text2        0094
__ptext3                   text3        0136
__ptext4                   text4        0123
__ptext5                   text5        00F5
__ptext6                   text6        00C6
__ptext7                   text7        0025
__ptext8                   text8        0146
__size_of_animation_updown (abs)        0000
__size_of_gpio_init        (abs)        0000
__size_of_isr              (abs)        0000
__size_of_leds_get_layer   (abs)        0000
__size_of_leds_init        (abs)        0000
__size_of_main             (abs)        0000
__size_of_set_lights       (abs)        0000
__size_of_timer_init       (abs)        0000
__size_of_update_animation (abs)        0000
_animation_flag            bssBANK0     002C
_animation_state           bssBANK0     0029
_animation_updown          text2        0094
_gpio_init                 text5        00F5
_isr                       text6        00C6
_layer                     bssBANK0     002B
_leds                      bssBANK0     0020
_leds_get_layer            text8        0146
_leds_init                 text4        0123
_main                      maintext     0110
_set_lights                text7        0025
_timer_init                text3        0136
_update_animation          text1        0153
animation_updown@i         cstackBANK0  0034
animation_updown@l         bssBANK0     0028
btemp                      (abs)        007E
end_of_initialization      cinit        0022
interrupt_function         intentry     0004
intlevel0                  functab      0000
intlevel1                  functab      0000
intlevel2                  functab      0000
intlevel3                  functab      0000
intlevel4                  functab      0000
intlevel5                  functab      0000
isr@prescaler              bssBANK0     002A
leds_get_layer@layer_nbr   cstackCOMMON 0073
reset_vec                  reset_vec    0000
saved_w                    (abs)        007E
set_lights@a               cstackBANK0  002D
set_lights@gate            cstackBANK0  0032
set_lights@j               cstackBANK0  0031
set_lights@lights          cstackBANK0  002F
stackhi                    (abs)        0000
stacklo                    (abs)        0000
start                      init         0011
start_initialization       cinit        0013
wtemp0                     (abs)        007E


FUNCTION INFORMATION:

 *************** function _main *****************
 Defined at:
		line 34 in file "main.c"
 Parameters:    Size  Location     Type
		None
 Auto vars:     Size  Location     Type
		None
 Return value:  Size  Location     Type
                  2   12[None  ] int 
 Registers used:
		wreg, fsr0l, fsr0h, status,2, status,0, pclath, cstack
 Tracked objects:
		On entry : 
		On exit  : 
		Unchanged: 
 Data sizes:     COMMON   BANK0   BANK1   BANK2
      Params:         0       0       0       0
      Locals:         0       0       0       0
      Temps:          0       0       0       0
      Totals:         0       0       0       0
Total ram usage:        0 bytes
 Hardware stack levels required when called:    5
 This function calls:
		_gpio_init
		_leds_init
		_timer_init
		_update_animation
 This function is called by:
		Startup code after reset
 This function uses a non-reentrant model


 *************** function _update_animation *****************
 Defined at:
		line 67 in file "leds.c"
 Parameters:    Size  Location     Type
		None
 Auto vars:     Size  Location     Type
		None
 Return value:  Size  Location     Type
                  1    wreg      void 
 Registers used:
		wreg, fsr0l, fsr0h, status,2, status,0, pclath, cstack
 Tracked objects:
		On entry : 
		On exit  : 
		Unchanged: 
 Data sizes:     COMMON   BANK0   BANK1   BANK2
      Params:         0       0       0       0
      Locals:         0       0       0       0
      Temps:          0       0       0       0
      Totals:         0       0       0       0
Total ram usage:        0 bytes
 Hardware stack levels used:    1
 Hardware stack levels required when called:    4
 This function calls:
		_animation_updown
 This function is called by:
		_main
 This function uses a non-reentrant model


 *************** function _animation_updown *****************
 Defined at:
		line 82 in file "leds.c"
 Parameters:    Size  Location     Type
		None
 Auto vars:     Size  Location     Type
  i               1    7[BANK0 ] unsigned char 
 Return value:  Size  Location     Type
                  1    wreg      void 
 Registers used:
		wreg, fsr0l, fsr0h, status,2, status,0
 Tracked objects:
		On entry : 
		On exit  : 
		Unchanged: 
 Data sizes:     COMMON   BANK0   BANK1   BANK2
      Params:         0       0       0       0
      Locals:         0       1       0       0
      Temps:          0       1       0       0
      Totals:         0       2       0       0
Total ram usage:        2 bytes
 Hardware stack levels used:    1
 Hardware stack levels required when called:    3
 This function calls:
		Nothing
 This function is called by:
		_update_animation
 This function uses a non-reentrant model


 *************** function _timer_init *****************
 Defined at:
		line 31 in file "timer.c"
 Parameters:    Size  Location     Type
		None
 Auto vars:     Size  Location     Type
		None
 Return value:  Size  Location     Type
                  1    wreg      void 
 Registers used:
		wreg, status,2
 Tracked objects:
		On entry : 
		On exit  : 
		Unchanged: 
 Data sizes:     COMMON   BANK0   BANK1   BANK2
      Params:         0       0       0       0
      Locals:         0       0       0       0
      Temps:          0       0       0       0
      Totals:         0       0       0       0
Total ram usage:        0 bytes
 Hardware stack levels used:    1
 Hardware stack levels required when called:    3
 This function calls:
		Nothing
 This function is called by:
		_main
 This function uses a non-reentrant model


 *************** function _leds_init *****************
 Defined at:
		line 37 in file "leds.c"
 Parameters:    Size  Location     Type
		None
 Auto vars:     Size  Location     Type
		None
 Return value:  Size  Location     Type
                  1    wreg      void 
 Registers used:
		wreg
 Tracked objects:
		On entry : 
		On exit  : 
		Unchanged: 
 Data sizes:     COMMON   BANK0   BANK1   BANK2
      Params:         0       0       0       0
      Locals:         0       0       0       0
      Temps:          0       0       0       0
      Totals:         0       0       0       0
Total ram usage:        0 bytes
 Hardware stack levels used:    1
 Hardware stack levels required when called:    3
 This function calls:
		Nothing
 This function is called by:
		_main
 This function uses a non-reentrant model


 *************** function _gpio_init *****************
 Defined at:
		line 30 in file "gpio.c"
 Parameters:    Size  Location     Type
		None
 Auto vars:     Size  Location     Type
		None
 Return value:  Size  Location     Type
                  1    wreg      void 
 Registers used:
		status,2
 Tracked objects:
		On entry : 
		On exit  : 
		Unchanged: 
 Data sizes:     COMMON   BANK0   BANK1   BANK2
      Params:         0       0       0       0
      Locals:         0       0       0       0
      Temps:          0       0       0       0
      Totals:         0       0       0       0
Total ram usage:        0 bytes
 Hardware stack levels used:    1
 Hardware stack levels required when called:    3
 This function calls:
		Nothing
 This function is called by:
		_main
 This function uses a non-reentrant model


 *************** function _isr *****************
 Defined at:
		line 41 in file "timer.c"
 Parameters:    Size  Location     Type
		None
 Auto vars:     Size  Location     Type
		None
 Return value:  Size  Location     Type
                  1    wreg      void 
 Registers used:
		wreg, fsr0l, fsr0h, status,2, status,0, pclath, cstack
 Tracked objects:
		On entry : 
		On exit  : 
		Unchanged: 
 Data sizes:     COMMON   BANK0   BANK1   BANK2
      Params:         0       0       0       0
      Locals:         0       0       0       0
      Temps:          5       0       0       0
      Totals:         5       0       0       0
Total ram usage:        5 bytes
 Hardware stack levels used:    1
 Hardware stack levels required when called:    2
 This function calls:
		_set_lights
 This function is called by:
		Interrupt level 1
 This function uses a non-reentrant model


 *************** function _set_lights *****************
 Defined at:
		line 45 in file "leds.c"
 Parameters:    Size  Location     Type
  gate            1    wreg     unsigned char 
 Auto vars:     Size  Location     Type
  gate            1    5[BANK0 ] unsigned char 
  j               1    4[BANK0 ] unsigned char 
  lights          2    2[BANK0 ] unsigned int 
  a               2    0[BANK0 ] unsigned int 
 Return value:  Size  Location     Type
                  1    wreg      void 
 Registers used:
		wreg, fsr0l, fsr0h, status,2, status,0, pclath, cstack
 Tracked objects:
		On entry : 
		On exit  : 
		Unchanged: 
 Data sizes:     COMMON   BANK0   BANK1   BANK2
      Params:         0       0       0       0
      Locals:         0       6       0       0
      Temps:          5       0       0       0
      Totals:         5       6       0       0
Total ram usage:       11 bytes
 Hardware stack levels used:    1
 Hardware stack levels required when called:    1
 This function calls:
		_leds_get_layer
 This function is called by:
		_isr
 This function uses a non-reentrant model


 *************** function _leds_get_layer *****************
 Defined at:
		line 78 in file "leds.c"
 Parameters:    Size  Location     Type
  layer_nbr       1    wreg     unsigned char 
 Auto vars:     Size  Location     Type
  layer_nbr       1    3[COMMON] unsigned char 
 Return value:  Size  Location     Type
                  2    0[COMMON] unsigned int 
 Registers used:
		wreg, fsr0l, fsr0h, status,2, status,0
 Tracked objects:
		On entry : 
		On exit  : 
		Unchanged: 
 Data sizes:     COMMON   BANK0   BANK1   BANK2
      Params:         2       0       0       0
      Locals:         1       0       0       0
      Temps:          1       0       0       0
      Totals:         4       0       0       0
Total ram usage:        4 bytes
 Hardware stack levels used:    1
 This function calls:
		Nothing
 This function is called by:
		_set_lights
 This function uses a non-reentrant model



MODULE INFORMATION

Module		Function		Class		Link	Load	Size
timer.c
		_timer_init    		CODE           	0136	0000	17
		_isr           		CODE           	00C6	0000	48

timer.c estimated size: 65

shared
		__initialization		CODE           	0013	0000	16

shared estimated size: 16

leds.c
		_leds_get_layer		CODE           	0146	0000	14
		_set_lights    		CODE           	0025	0000	112
		_animation_updown		CODE           	0094	0000	51
		_update_animation		CODE           	0153	0000	13
		_leds_init     		CODE           	0123	0000	20

leds.c estimated size: 210

gpio.c
		_gpio_init     		CODE           	00F5	0000	28

gpio.c estimated size: 28

main.c
		_main          		CODE           	0110	0000	20

main.c estimated size: 20

